251206 22:32:36 mysqld_safe Starting mariadbd daemon with databases from /home/commesse/nuovo-nix/mysql-data/data
2025-12-06 22:32:36 0 [Note] Starting MariaDB 10.11.6-MariaDB source revision fecd78b83785d5ae96f2c6ff340375be803cd299 as process 14074
2025-12-06 22:32:36 0 [Note] InnoDB: Compressed tables use zlib 1.3
2025-12-06 22:32:36 0 [Note] InnoDB: Number of transaction pools: 1
2025-12-06 22:32:36 0 [Note] InnoDB: Using crc32 + pclmulqdq instructions
2025-12-06 22:32:36 0 [Note] InnoDB: Using liburing
2025-12-06 22:32:36 0 [Note] InnoDB: Initializing buffer pool, total size = 128.000MiB, chunk size = 2.000MiB
2025-12-06 22:32:36 0 [Note] InnoDB: Completed initialization of buffer pool
2025-12-06 22:32:36 0 [Note] InnoDB: File system buffers for log disabled (block size=4096 bytes)
2025-12-06 22:32:36 0 [Note] InnoDB: End of log at LSN=46980
2025-12-06 22:32:36 0 [Note] InnoDB: 128 rollback segments are active.
2025-12-06 22:32:36 0 [Note] InnoDB: Setting file './ibtmp1' size to 12.000MiB. Physically writing the file full; Please wait ...
2025-12-06 22:32:36 0 [Note] InnoDB: File './ibtmp1' size is now 12.000MiB.
2025-12-06 22:32:36 0 [Note] InnoDB: log sequence number 46980; transaction id 14
2025-12-06 22:32:36 0 [Note] Plugin 'FEEDBACK' is disabled.
2025-12-06 22:32:36 0 [Note] InnoDB: Loading buffer pool(s) from /home/commesse/nuovo-nix/mysql-data/data/ib_buffer_pool
2025-12-06 22:32:36 0 [Note] Server socket created on IP: '0.0.0.0'.
2025-12-06 22:32:36 0 [ERROR] Can't start server: Bind on TCP/IP port. Got error: 98: Address already in use
2025-12-06 22:32:36 0 [ERROR] Do you already have another server running on port: 3307 ?
2025-12-06 22:32:36 0 [ERROR] Aborting
251206 22:32:37 mysqld_safe mysqld from pid file /home/commesse/nuovo-nix/mysql-data/mysql.pid ended
